<html>
<body>
<pre>
<h1>µVision Build Log</h1>
<h2>Project:</h2>
C:\Users\dysu\Desktop\SE350\context_switching.uvproj
Project File Date:  02/06/2016

<h2>Output:</h2>
Rebuild target 'Context Switching SIM'
assembling startup_LPC17xx.s...
compiling system_LPC17xx.c...
compiling uart_polling.c...
compiling printf.c...
compiling main_svc.c...
compiling uart_irq.c...
compiling HAL.c...
compiling k_rtx_init.c...
compiling k_memory.c...
compiling k_process.c...
compiling queue.c...
linking...
context_switching.axf: error: L6002U: Could not open file usr_proc_a.o: No such file or directory
Target not created
Rebuild target 'Context Switching SIM'
assembling startup_LPC17xx.s...
compiling system_LPC17xx.c...
compiling uart_polling.c...
compiling printf.c...
compiling main_svc.c...
compiling uart_irq.c...
compiling HAL.c...
compiling k_rtx_init.c...
compiling k_memory.c...
compiling k_process.c...
compiling queue.c...
linking...
Program Size: Code=4864 RO-data=412 RW-data=72 ZI-data=896  
"context_switching.axf" - 0 Error(s), 0 Warning(s).
Rebuild target 'Context Switching SIM'
assembling startup_LPC17xx.s...
compiling system_LPC17xx.c...
compiling uart_polling.c...
compiling printf.c...
compiling main_svc.c...
compiling uart_irq.c...
compiling HAL.c...
compiling k_rtx_init.c...
compiling k_memory.c...
compiling k_process.c...
compiling queue.c...
linking...
Program Size: Code=4856 RO-data=412 RW-data=72 ZI-data=896  
"context_switching.axf" - 0 Error(s), 0 Warning(s).
Rebuild target 'Context Switching SIM'
assembling startup_LPC17xx.s...
compiling system_LPC17xx.c...
compiling uart_polling.c...
compiling printf.c...
compiling main_svc.c...
compiling uart_irq.c...
compiling HAL.c...
compiling k_rtx_init.c...
compiling k_memory.c...
compiling k_process.c...
src\k_process.c(348): warning:  #550-D: variable "ret_val" was set but never used
compiling queue.c...
linking...
Program Size: Code=3524 RO-data=412 RW-data=64 ZI-data=896  
"context_switching.axf" - 0 Error(s), 1 Warning(s).
Rebuild target 'Context Switching SIM'
assembling startup_LPC17xx.s...
compiling system_LPC17xx.c...
compiling uart_polling.c...
compiling printf.c...
compiling main_svc.c...
compiling uart_irq.c...
compiling HAL.c...
compiling k_rtx_init.c...
compiling k_memory.c...
compiling k_process.c...
src\k_process.c(348): warning:  #550-D: variable "ret_val" was set but never used
compiling queue.c...
linking...
Program Size: Code=3528 RO-data=412 RW-data=64 ZI-data=896  
"context_switching.axf" - 0 Error(s), 1 Warning(s).
Load "C:\\Users\\dysu\\Desktop\\SE350\\context_switching.AXF" 
No Algorithm found for: 10000000H - 10000F9FH
Partial Erase Done (areas with no algorithms skipped!)
No Algorithm found for: 10000000H - 10000F9FH
Partial Programming Done (areas with no algorithms skipped!)
Partial Verify OK (areas with no algorithms skipped!)
Rebuild target 'Context Switching SIM'
assembling startup_LPC17xx.s...
compiling system_LPC17xx.c...
compiling uart_polling.c...
compiling printf.c...
compiling main_svc.c...
compiling uart_irq.c...
compiling HAL.c...
compiling k_rtx_init.c...
compiling k_memory.c...
compiling k_process.c...
src\k_process.c(348): warning:  #550-D: variable "ret_val" was set but never used
compiling queue.c...
linking...
Program Size: Code=3536 RO-data=412 RW-data=64 ZI-data=896  
"context_switching.axf" - 0 Error(s), 1 Warning(s).
Load "C:\\Users\\dysu\\Desktop\\SE350\\context_switching.AXF" 
No Algorithm found for: 10000000H - 10000FA7H
Partial Erase Done (areas with no algorithms skipped!)
No Algorithm found for: 10000000H - 10000FA7H
Partial Programming Done (areas with no algorithms skipped!)
Partial Verify OK (areas with no algorithms skipped!)
Rebuild target 'Context Switching SIM'
assembling startup_LPC17xx.s...
compiling system_LPC17xx.c...
compiling uart_polling.c...
compiling printf.c...
compiling main_svc.c...
compiling uart_irq.c...
compiling HAL.c...
compiling k_rtx_init.c...
compiling k_memory.c...
compiling k_process.c...
src\k_process.c(348): warning:  #550-D: variable "ret_val" was set but never used
compiling queue.c...
compiling usr_proc.c...
src\usr_proc.c(44): warning:  #550-D: variable "ret_val" was set but never used
src\usr_proc.c(102): warning:  #550-D: variable "ret_val" was set but never used
src\usr_proc.c(130): warning:  #550-D: variable "ret_val" was set but never used
src\usr_proc.c(152): warning:  #550-D: variable "ret_val" was set but never used
src\usr_proc.c(173): warning:  #550-D: variable "ret_val" was set but never used
src\usr_proc.c(195): warning:  #550-D: variable "ret_val" was set but never used
src\usr_proc.c(218): warning:  #550-D: variable "ret_val" was set but never used
src\usr_proc.c(219): warning:  #177-D: variable "gpp_ret_val" was declared but never referenced
src\usr_proc.c(241): warning:  #550-D: variable "ret_val" was set but never used
src\usr_proc.c(264): warning:  #550-D: variable "ret_val" was set but never used
src\usr_proc.c(287): warning:  #550-D: variable "ret_val" was set but never used
src\usr_proc.c(309): warning:  #550-D: variable "ret_val" was set but never used
src\usr_proc.c(344): warning:  #550-D: variable "ret_val" was set but never used
src\usr_proc.c(367): warning:  #550-D: variable "ret_val" was set but never used
src\usr_proc.c(390): warning:  #550-D: variable "ret_val" was set but never used
src\usr_proc.c(419): warning:  #550-D: variable "ret_val" was set but never used
src\usr_proc.c(448): warning:  #550-D: variable "ret_val" was set but never used
src\usr_proc.c(579): warning:  #223-D: function "printf" declared implicitly
src\usr_proc.c(584): warning:  #223-D: function "printf" declared implicitly
src\usr_proc.c(589): warning:  #223-D: function "printf" declared implicitly
src\usr_proc.c(605): warning:  #550-D: variable "ret_val" was set but never used
src\usr_proc.c(628): warning:  #550-D: variable "ret_val" was set but never used
src\usr_proc.c(651): warning:  #550-D: variable "ret_val" was set but never used
linking...
context_switching.axf: Error: L6218E: Undefined symbol k_get_process_priority (referred from usr_proc.o).
Target not created
Rebuild target 'Context Switching SIM'
assembling startup_LPC17xx.s...
compiling system_LPC17xx.c...
compiling uart_polling.c...
compiling printf.c...
compiling main_svc.c...
compiling uart_irq.c...
compiling HAL.c...
compiling k_rtx_init.c...
compiling k_memory.c...
compiling k_process.c...
src\k_process.c(348): warning:  #550-D: variable "ret_val" was set but never used
compiling queue.c...
compiling usr_proc.c...
src\usr_proc.c(44): warning:  #550-D: variable "ret_val" was set but never used
src\usr_proc.c(102): warning:  #550-D: variable "ret_val" was set but never used
src\usr_proc.c(130): warning:  #550-D: variable "ret_val" was set but never used
src\usr_proc.c(152): warning:  #550-D: variable "ret_val" was set but never used
src\usr_proc.c(173): warning:  #550-D: variable "ret_val" was set but never used
src\usr_proc.c(195): warning:  #550-D: variable "ret_val" was set but never used
src\usr_proc.c(218): warning:  #550-D: variable "ret_val" was set but never used
src\usr_proc.c(219): warning:  #177-D: variable "gpp_ret_val" was declared but never referenced
src\usr_proc.c(241): warning:  #550-D: variable "ret_val" was set but never used
src\usr_proc.c(264): warning:  #550-D: variable "ret_val" was set but never used
src\usr_proc.c(287): warning:  #550-D: variable "ret_val" was set but never used
src\usr_proc.c(309): warning:  #550-D: variable "ret_val" was set but never used
src\usr_proc.c(344): warning:  #550-D: variable "ret_val" was set but never used
src\usr_proc.c(367): warning:  #550-D: variable "ret_val" was set but never used
src\usr_proc.c(390): warning:  #550-D: variable "ret_val" was set but never used
src\usr_proc.c(419): warning:  #550-D: variable "ret_val" was set but never used
src\usr_proc.c(448): warning:  #550-D: variable "ret_val" was set but never used
src\usr_proc.c(579): warning:  #223-D: function "printf" declared implicitly
src\usr_proc.c(584): warning:  #223-D: function "printf" declared implicitly
src\usr_proc.c(589): warning:  #223-D: function "printf" declared implicitly
src\usr_proc.c(605): warning:  #550-D: variable "ret_val" was set but never used
src\usr_proc.c(628): warning:  #550-D: variable "ret_val" was set but never used
src\usr_proc.c(651): warning:  #550-D: variable "ret_val" was set but never used
linking...
context_switching.axf: Error: L6218E: Undefined symbol k_get_process_priority (referred from usr_proc.o).
Target not created
Rebuild target 'Context Switching SIM'
assembling startup_LPC17xx.s...
compiling system_LPC17xx.c...
compiling uart_polling.c...
compiling printf.c...
compiling main_svc.c...
compiling uart_irq.c...
compiling HAL.c...
compiling k_rtx_init.c...
compiling k_memory.c...
compiling k_process.c...
src\k_process.c(348): warning:  #550-D: variable "ret_val" was set but never used
compiling queue.c...
compiling usr_proc.c...
src\usr_proc.c(44): warning:  #550-D: variable "ret_val" was set but never used
src\usr_proc.c(102): warning:  #550-D: variable "ret_val" was set but never used
src\usr_proc.c(130): warning:  #550-D: variable "ret_val" was set but never used
src\usr_proc.c(152): warning:  #550-D: variable "ret_val" was set but never used
src\usr_proc.c(173): warning:  #550-D: variable "ret_val" was set but never used
src\usr_proc.c(195): warning:  #550-D: variable "ret_val" was set but never used
src\usr_proc.c(218): warning:  #550-D: variable "ret_val" was set but never used
src\usr_proc.c(219): warning:  #177-D: variable "gpp_ret_val" was declared but never referenced
src\usr_proc.c(241): warning:  #550-D: variable "ret_val" was set but never used
src\usr_proc.c(264): warning:  #550-D: variable "ret_val" was set but never used
src\usr_proc.c(287): warning:  #550-D: variable "ret_val" was set but never used
src\usr_proc.c(309): warning:  #550-D: variable "ret_val" was set but never used
src\usr_proc.c(344): warning:  #550-D: variable "ret_val" was set but never used
src\usr_proc.c(367): warning:  #550-D: variable "ret_val" was set but never used
src\usr_proc.c(390): warning:  #550-D: variable "ret_val" was set but never used
src\usr_proc.c(419): warning:  #550-D: variable "ret_val" was set but never used
src\usr_proc.c(448): warning:  #550-D: variable "ret_val" was set but never used
src\usr_proc.c(579): warning:  #223-D: function "printf" declared implicitly
src\usr_proc.c(584): warning:  #223-D: function "printf" declared implicitly
src\usr_proc.c(589): warning:  #223-D: function "printf" declared implicitly
src\usr_proc.c(605): warning:  #550-D: variable "ret_val" was set but never used
src\usr_proc.c(628): warning:  #550-D: variable "ret_val" was set but never used
src\usr_proc.c(651): warning:  #550-D: variable "ret_val" was set but never used
linking...
Program Size: Code=8396 RO-data=424 RW-data=76 ZI-data=1148  
"context_switching.axf" - 0 Error(s), 24 Warning(s).
Load "C:\\Users\\dysu\\Desktop\\SE350\\context_switching.AXF" 
No Algorithm found for: 10000000H - 100022BBH
Partial Erase Done (areas with no algorithms skipped!)
No Algorithm found for: 10000000H - 100022BBH
Partial Programming Done (areas with no algorithms skipped!)
Partial Verify OK (areas with no algorithms skipped!)
Rebuild target 'Context Switching SIM'
assembling startup_LPC17xx.s...
compiling system_LPC17xx.c...
compiling uart_polling.c...
compiling printf.c...
compiling main_svc.c...
compiling uart_irq.c...
compiling HAL.c...
compiling k_rtx_init.c...
compiling k_memory.c...
compiling k_process.c...
compiling queue.c...
compiling usr_proc.c...
src\usr_proc.c(219): warning:  #550-D: variable "gpp_ret_val" was set but never used
linking...
context_switching.axf: Error: L6218E: Undefined symbol get_process_priority (referred from k_process.o).
Target not created
Rebuild target 'Context Switching SIM'
assembling startup_LPC17xx.s...
compiling system_LPC17xx.c...
compiling uart_polling.c...
compiling printf.c...
compiling main_svc.c...
compiling uart_irq.c...
compiling HAL.c...
compiling k_rtx_init.c...
compiling k_memory.c...
compiling k_process.c...
compiling queue.c...
compiling usr_proc.c...
src\usr_proc.c(219): warning:  #550-D: variable "gpp_ret_val" was set but never used
linking...
Program Size: Code=7016 RO-data=412 RW-data=72 ZI-data=896  
"context_switching.axf" - 0 Error(s), 1 Warning(s).
Load "C:\\Users\\dysu\\Desktop\\SE350\\context_switching.AXF" 
No Algorithm found for: 10000000H - 10001D47H
Partial Erase Done (areas with no algorithms skipped!)
No Algorithm found for: 10000000H - 10001D47H
Partial Programming Done (areas with no algorithms skipped!)
Partial Verify OK (areas with no algorithms skipped!)
Rebuild target 'Context Switching SIM'
assembling startup_LPC17xx.s...
compiling system_LPC17xx.c...
compiling uart_polling.c...
compiling printf.c...
compiling main_svc.c...
compiling uart_irq.c...
compiling HAL.c...
compiling k_rtx_init.c...
compiling k_memory.c...
compiling k_process.c...
compiling queue.c...
compiling usr_proc.c...
src\usr_proc.c(44): error:  #29: expected an expression
src\usr_proc.c(44): error:  #65: expected a ";"
src\usr_proc.c(109): error:  #20: identifier "HIGHEST" is undefined
src\usr_proc.c(101): warning:  #177-D: variable "ret_val" was declared but never referenced
src\usr_proc.c(181): error:  #268: declaration may not appear after executable statement in block
src\usr_proc.c(223): error:  #20: identifier "pass" is undefined
src\usr_proc.c(209): warning:  #177-D: variable "i" was declared but never referenced
src\usr_proc.c(236): warning:  #177-D: variable "i" was declared but never referenced
src\usr_proc.c(237): warning:  #550-D: variable "memBlk" was set but never used
Target not created
Rebuild target 'Context Switching SIM'
assembling startup_LPC17xx.s...
compiling system_LPC17xx.c...
compiling uart_polling.c...
compiling printf.c...
compiling main_svc.c...
compiling uart_irq.c...
compiling HAL.c...
compiling k_rtx_init.c...
compiling k_memory.c...
compiling k_process.c...
compiling queue.c...
compiling usr_proc.c...
src\usr_proc.c(109): error:  #20: identifier "HIGHEST" is undefined
src\usr_proc.c(101): warning:  #177-D: variable "ret_val" was declared but never referenced
src\usr_proc.c(181): error:  #268: declaration may not appear after executable statement in block
src\usr_proc.c(223): error:  #20: identifier "pass" is undefined
src\usr_proc.c(209): warning:  #177-D: variable "i" was declared but never referenced
src\usr_proc.c(236): warning:  #177-D: variable "i" was declared but never referenced
src\usr_proc.c(237): warning:  #550-D: variable "memBlk" was set but never used
Target not created
Rebuild target 'Context Switching SIM'
assembling startup_LPC17xx.s...
compiling system_LPC17xx.c...
compiling uart_polling.c...
compiling printf.c...
compiling main_svc.c...
compiling uart_irq.c...
compiling HAL.c...
compiling k_rtx_init.c...
compiling k_memory.c...
compiling k_process.c...
compiling queue.c...
compiling usr_proc.c...
src\usr_proc.c(101): warning:  #177-D: variable "ret_val" was declared but never referenced
src\usr_proc.c(181): error:  #268: declaration may not appear after executable statement in block
src\usr_proc.c(223): error:  #20: identifier "pass" is undefined
src\usr_proc.c(209): warning:  #177-D: variable "i" was declared but never referenced
src\usr_proc.c(236): warning:  #177-D: variable "i" was declared but never referenced
src\usr_proc.c(237): warning:  #550-D: variable "memBlk" was set but never used
Target not created
Rebuild target 'Context Switching SIM'
assembling startup_LPC17xx.s...
compiling system_LPC17xx.c...
compiling uart_polling.c...
compiling printf.c...
compiling main_svc.c...
compiling uart_irq.c...
compiling HAL.c...
compiling k_rtx_init.c...
compiling k_memory.c...
compiling k_process.c...
compiling queue.c...
compiling usr_proc.c...
src\usr_proc.c(180): error:  #268: declaration may not appear after executable statement in block
src\usr_proc.c(222): error:  #20: identifier "pass" is undefined
src\usr_proc.c(208): warning:  #177-D: variable "i" was declared but never referenced
src\usr_proc.c(235): warning:  #177-D: variable "i" was declared but never referenced
src\usr_proc.c(236): warning:  #550-D: variable "memBlk" was set but never used
Target not created
Rebuild target 'Context Switching SIM'
assembling startup_LPC17xx.s...
compiling system_LPC17xx.c...
compiling uart_polling.c...
compiling printf.c...
compiling main_svc.c...
compiling uart_irq.c...
compiling HAL.c...
compiling k_rtx_init.c...
compiling k_memory.c...
compiling k_process.c...
compiling queue.c...
compiling usr_proc.c...
src\usr_proc.c(219): error:  #20: identifier "pass" is undefined
src\usr_proc.c(205): warning:  #177-D: variable "i" was declared but never referenced
src\usr_proc.c(232): warning:  #177-D: variable "i" was declared but never referenced
src\usr_proc.c(233): warning:  #550-D: variable "memBlk" was set but never used
Target not created
Rebuild target 'Context Switching SIM'
assembling startup_LPC17xx.s...
compiling system_LPC17xx.c...
compiling uart_polling.c...
compiling printf.c...
compiling main_svc.c...
compiling uart_irq.c...
compiling HAL.c...
compiling k_rtx_init.c...
compiling k_memory.c...
compiling k_process.c...
compiling queue.c...
compiling usr_proc.c...
src\usr_proc.c(186): error:  #20: identifier "pass" is undefined
src\usr_proc.c(191): error:  #20: identifier "pass" is undefined
src\usr_proc.c(204): warning:  #177-D: variable "i" was declared but never referenced
src\usr_proc.c(232): warning:  #177-D: variable "i" was declared but never referenced
src\usr_proc.c(233): warning:  #550-D: variable "memBlk" was set but never used
Target not created
Rebuild target 'Context Switching SIM'
assembling startup_LPC17xx.s...
compiling system_LPC17xx.c...
compiling uart_polling.c...
compiling printf.c...
compiling main_svc.c...
compiling uart_irq.c...
compiling HAL.c...
compiling k_rtx_init.c...
compiling k_memory.c...
compiling k_process.c...
compiling queue.c...
compiling usr_proc.c...
src\usr_proc.c(205): warning:  #177-D: variable "i" was declared but never referenced
src\usr_proc.c(232): warning:  #177-D: variable "i" was declared but never referenced
src\usr_proc.c(233): warning:  #550-D: variable "memBlk" was set but never used
linking...
Program Size: Code=5320 RO-data=412 RW-data=88 ZI-data=896  
"context_switching.axf" - 0 Error(s), 3 Warning(s).
Rebuild target 'Context Switching SIM'
assembling startup_LPC17xx.s...
compiling system_LPC17xx.c...
compiling uart_polling.c...
compiling printf.c...
compiling main_svc.c...
compiling uart_irq.c...
compiling HAL.c...
compiling k_rtx_init.c...
compiling k_memory.c...
compiling k_process.c...
compiling queue.c...
compiling usr_proc.c...
src\usr_proc.c(231): warning:  #177-D: variable "i" was declared but never referenced
src\usr_proc.c(232): warning:  #550-D: variable "memBlk" was set but never used
linking...
Program Size: Code=5320 RO-data=412 RW-data=88 ZI-data=896  
"context_switching.axf" - 0 Error(s), 2 Warning(s).
Rebuild target 'Context Switching SIM'
assembling startup_LPC17xx.s...
compiling system_LPC17xx.c...
compiling uart_polling.c...
compiling printf.c...
compiling main_svc.c...
compiling uart_irq.c...
compiling HAL.c...
compiling k_rtx_init.c...
compiling k_memory.c...
compiling k_process.c...
compiling queue.c...
compiling usr_proc.c...
src\usr_proc.c(231): warning:  #550-D: variable "memBlk" was set but never used
linking...
Program Size: Code=5320 RO-data=412 RW-data=88 ZI-data=896  
"context_switching.axf" - 0 Error(s), 1 Warning(s).
Rebuild target 'Context Switching SIM'
assembling startup_LPC17xx.s...
compiling system_LPC17xx.c...
compiling uart_polling.c...
compiling printf.c...
compiling main_svc.c...
compiling uart_irq.c...
compiling HAL.c...
compiling k_rtx_init.c...
compiling k_memory.c...
compiling k_process.c...
compiling queue.c...
compiling usr_proc.c...
src\usr_proc.c(231): warning:  #550-D: variable "memBlk" was set but never used
linking...
Program Size: Code=5320 RO-data=412 RW-data=88 ZI-data=896  
"context_switching.axf" - 0 Error(s), 1 Warning(s).
Load "C:\\Users\\dysu\\Desktop\\SE350\\context_switching.AXF" 
No Algorithm found for: 10000000H - 100016B7H
Partial Erase Done (areas with no algorithms skipped!)
No Algorithm found for: 10000000H - 100016B7H
Partial Programming Done (areas with no algorithms skipped!)
Partial Verify OK (areas with no algorithms skipped!)
Rebuild target 'Context Switching SIM'
assembling startup_LPC17xx.s...
compiling system_LPC17xx.c...
compiling uart_polling.c...
compiling printf.c...
compiling main_svc.c...
compiling uart_irq.c...
compiling HAL.c...
compiling k_rtx_init.c...
compiling k_memory.c...
compiling k_process.c...
src\k_process.c(348): warning:  #550-D: variable "ret_val" was set but never used
compiling queue.c...
compiling usr_proc.c...
src\usr_proc.c(231): warning:  #550-D: variable "memBlk" was set but never used
linking...
Program Size: Code=3996 RO-data=412 RW-data=80 ZI-data=896  
"context_switching.axf" - 0 Error(s), 2 Warning(s).
Load "C:\\Users\\dysu\\Desktop\\SE350\\context_switching.AXF" 
No Algorithm found for: 10000000H - 10001183H
Partial Erase Done (areas with no algorithms skipped!)
No Algorithm found for: 10000000H - 10001183H
Partial Programming Done (areas with no algorithms skipped!)
Partial Verify OK (areas with no algorithms skipped!)
Rebuild target 'Context Switching SIM'
assembling startup_LPC17xx.s...
compiling system_LPC17xx.c...
compiling uart_polling.c...
compiling printf.c...
compiling main_svc.c...
compiling uart_irq.c...
compiling HAL.c...
compiling k_rtx_init.c...
compiling k_memory.c...
compiling k_process.c...
src\k_process.c(348): warning:  #550-D: variable "ret_val" was set but never used
compiling queue.c...
compiling usr_proc.c...
src\usr_proc.c(231): warning:  #550-D: variable "memBlk" was set but never used
linking...
Program Size: Code=4000 RO-data=412 RW-data=80 ZI-data=896  
"context_switching.axf" - 0 Error(s), 2 Warning(s).
Load "C:\\Users\\dysu\\Desktop\\SE350\\context_switching.AXF" 
No Algorithm found for: 10000000H - 10001187H
Partial Erase Done (areas with no algorithms skipped!)
No Algorithm found for: 10000000H - 10001187H
Partial Programming Done (areas with no algorithms skipped!)
Partial Verify OK (areas with no algorithms skipped!)
Rebuild target 'Context Switching SIM'
assembling startup_LPC17xx.s...
compiling system_LPC17xx.c...
compiling uart_polling.c...
compiling printf.c...
compiling main_svc.c...
compiling uart_irq.c...
compiling HAL.c...
compiling k_rtx_init.c...
compiling k_memory.c...
compiling k_process.c...
src\k_process.c(348): warning:  #550-D: variable "ret_val" was set but never used
compiling queue.c...
compiling usr_proc.c...
src\usr_proc.c(231): warning:  #550-D: variable "memBlk" was set but never used
linking...
Program Size: Code=3976 RO-data=236 RW-data=80 ZI-data=896  
"context_switching.axf" - 0 Error(s), 2 Warning(s).
Load "C:\\Users\\dysu\\Desktop\\SE350\\context_switching.AXF" 
No Algorithm found for: 10000000H - 100010BFH
Partial Erase Done (areas with no algorithms skipped!)
No Algorithm found for: 10000000H - 100010BFH
Partial Programming Done (areas with no algorithms skipped!)
Partial Verify OK (areas with no algorithms skipped!)
