<html>
<body>
<pre>
<h1>µVision Build Log</h1>
<h2>Project:</h2>
C:\Users\dysu\Desktop\SE350\context_switching.uvproj
Project File Date:  03/19/2016

<h2>Output:</h2>
Rebuild target 'Context Switching SIM'
assembling startup_LPC17xx.s...
compiling system_LPC17xx.c...
compiling uart_polling.c...
compiling printf.c...
compiling main_svc.c...
compiling uart_irq.c...
compiling HAL.c...
compiling k_rtx_init.c...
compiling k_memory.c...
src\k_memory.c(242): warning:  #177-D: variable "orig_blk" was declared but never referenced
compiling k_process.c...
compiling k_message.c...
compiling timer.c...
compiling consoleio.c...
compiling wall_clock.c...
compiling set_priority.c...
compiling usr_proc.c...
compiling stress_proc.c...
linking...
Program Size: Code=6826 RO-data=238 RW-data=88 ZI-data=1168  
"context_switching.axf" - 0 Error(s), 1 Warning(s).
Load "C:\\Users\\dysu\\Desktop\\SE350\\context_switching.AXF" 
No Algorithm found for: 10000000H - 10001BEBH
Partial Erase Done (areas with no algorithms skipped!)
No Algorithm found for: 10000000H - 10001BEBH
Partial Programming Done (areas with no algorithms skipped!)
Partial Verify OK (areas with no algorithms skipped!)
Rebuild target 'Context Switching SIM'
assembling startup_LPC17xx.s...
compiling system_LPC17xx.c...
compiling uart_polling.c...
compiling printf.c...
compiling main_svc.c...
compiling uart_irq.c...
compiling HAL.c...
compiling k_rtx_init.c...
compiling k_memory.c...
src\k_memory.c(242): warning:  #177-D: variable "orig_blk" was declared but never referenced
compiling k_process.c...
compiling k_message.c...
compiling timer.c...
compiling consoleio.c...
compiling wall_clock.c...
compiling set_priority.c...
compiling usr_proc.c...
compiling stress_proc.c...
linking...
Program Size: Code=6810 RO-data=238 RW-data=88 ZI-data=1168  
"context_switching.axf" - 0 Error(s), 1 Warning(s).
Load "C:\\Users\\dysu\\Desktop\\SE350\\context_switching.AXF" 
No Algorithm found for: 10000000H - 10001BDBH
Partial Erase Done (areas with no algorithms skipped!)
No Algorithm found for: 10000000H - 10001BDBH
Partial Programming Done (areas with no algorithms skipped!)
Partial Verify OK (areas with no algorithms skipped!)
Rebuild target 'Context Switching SIM'
assembling startup_LPC17xx.s...
compiling system_LPC17xx.c...
compiling uart_polling.c...
compiling printf.c...
compiling main_svc.c...
compiling uart_irq.c...
compiling HAL.c...
compiling k_rtx_init.c...
compiling k_memory.c...
src\k_memory.c(242): warning:  #177-D: variable "orig_blk" was declared but never referenced
compiling k_process.c...
compiling k_message.c...
compiling timer.c...
compiling consoleio.c...
compiling wall_clock.c...
compiling set_priority.c...
compiling usr_proc.c...
compiling stress_proc.c...
linking...
Program Size: Code=6466 RO-data=238 RW-data=88 ZI-data=1168  
"context_switching.axf" - 0 Error(s), 1 Warning(s).
Load "C:\\Users\\dysu\\Desktop\\SE350\\context_switching.AXF" 
No Algorithm found for: 10000000H - 10001A83H
Partial Erase Done (areas with no algorithms skipped!)
No Algorithm found for: 10000000H - 10001A83H
Partial Programming Done (areas with no algorithms skipped!)
Partial Verify OK (areas with no algorithms skipped!)
Rebuild target 'Context Switching SIM'
assembling startup_LPC17xx.s...
compiling system_LPC17xx.c...
compiling uart_polling.c...
compiling printf.c...
compiling main_svc.c...
compiling uart_irq.c...
compiling HAL.c...
compiling k_rtx_init.c...
compiling k_memory.c...
src\k_memory.c(242): warning:  #177-D: variable "orig_blk" was declared but never referenced
compiling k_process.c...
compiling k_message.c...
compiling timer.c...
compiling consoleio.c...
compiling wall_clock.c...
compiling set_priority.c...
compiling usr_proc.c...
compiling stress_proc.c...
linking...
Program Size: Code=6478 RO-data=238 RW-data=88 ZI-data=1168  
"context_switching.axf" - 0 Error(s), 1 Warning(s).
Load "C:\\Users\\dysu\\Desktop\\SE350\\context_switching.AXF" 
No Algorithm found for: 10000000H - 10001A8FH
Partial Erase Done (areas with no algorithms skipped!)
No Algorithm found for: 10000000H - 10001A8FH
Partial Programming Done (areas with no algorithms skipped!)
Partial Verify OK (areas with no algorithms skipped!)
Rebuild target 'Context Switching SIM'
assembling startup_LPC17xx.s...
compiling system_LPC17xx.c...
compiling uart_polling.c...
compiling printf.c...
compiling main_svc.c...
compiling uart_irq.c...
compiling HAL.c...
compiling k_rtx_init.c...
compiling k_memory.c...
src\k_memory.c(242): warning:  #177-D: variable "orig_blk" was declared but never referenced
compiling k_process.c...
compiling k_message.c...
compiling timer.c...
compiling consoleio.c...
compiling wall_clock.c...
compiling set_priority.c...
compiling usr_proc.c...
compiling stress_proc.c...
linking...
Program Size: Code=6810 RO-data=238 RW-data=88 ZI-data=1168  
"context_switching.axf" - 0 Error(s), 1 Warning(s).
Load "C:\\Users\\dysu\\Desktop\\SE350\\context_switching.AXF" 
No Algorithm found for: 10000000H - 10001BDBH
Partial Erase Done (areas with no algorithms skipped!)
No Algorithm found for: 10000000H - 10001BDBH
Partial Programming Done (areas with no algorithms skipped!)
Partial Verify OK (areas with no algorithms skipped!)
Rebuild target 'Context Switching SIM'
assembling startup_LPC17xx.s...
compiling system_LPC17xx.c...
compiling uart_polling.c...
compiling printf.c...
compiling main_svc.c...
compiling uart_irq.c...
compiling HAL.c...
compiling k_rtx_init.c...
compiling k_memory.c...
src\k_memory.c(242): warning:  #177-D: variable "orig_blk" was declared but never referenced
compiling k_process.c...
compiling k_message.c...
compiling timer.c...
compiling consoleio.c...
compiling wall_clock.c...
compiling set_priority.c...
compiling usr_proc.c...
compiling stress_proc.c...
linking...
Program Size: Code=6810 RO-data=238 RW-data=88 ZI-data=1168  
"context_switching.axf" - 0 Error(s), 1 Warning(s).
Load "C:\\Users\\dysu\\Desktop\\SE350\\context_switching.AXF" 
No Algorithm found for: 10000000H - 10001BDBH
Partial Erase Done (areas with no algorithms skipped!)
No Algorithm found for: 10000000H - 10001BDBH
Partial Programming Done (areas with no algorithms skipped!)
Partial Verify OK (areas with no algorithms skipped!)
Build target 'Context Switching SIM'
compiling consoleio.c...
linking...
Program Size: Code=6790 RO-data=238 RW-data=88 ZI-data=1168  
"context_switching.axf" - 0 Error(s), 0 Warning(s).
Load "C:\\Users\\dysu\\Desktop\\SE350\\context_switching.AXF" 
No Algorithm found for: 10000000H - 10001BC7H
Partial Erase Done (areas with no algorithms skipped!)
No Algorithm found for: 10000000H - 10001BC7H
Partial Programming Done (areas with no algorithms skipped!)
Partial Verify OK (areas with no algorithms skipped!)
Rebuild target 'Context Switching SIM'
assembling startup_LPC17xx.s...
compiling system_LPC17xx.c...
compiling uart_polling.c...
compiling printf.c...
compiling main_svc.c...
compiling uart_irq.c...
compiling HAL.c...
compiling k_rtx_init.c...
compiling k_memory.c...
src\k_memory.c(242): warning:  #177-D: variable "orig_blk" was declared but never referenced
compiling k_process.c...
src\k_process.c(486): error:  #20: identifier "BLOCK_SIZE" is undefined
src\k_process.c(501): error:  #20: identifier "BLOCK_SIZE" is undefined
src\k_process.c(516): error:  #20: identifier "BLOCK_SIZE" is undefined
src\k_process.c(527): error:  #20: identifier "BLOCK_SIZE" is undefined
compiling k_message.c...
compiling timer.c...
compiling consoleio.c...
compiling wall_clock.c...
compiling set_priority.c...
compiling usr_proc.c...
compiling stress_proc.c...
Target not created
Rebuild target 'Context Switching SIM'
assembling startup_LPC17xx.s...
compiling system_LPC17xx.c...
compiling uart_polling.c...
compiling printf.c...
compiling main_svc.c...
compiling uart_irq.c...
compiling HAL.c...
compiling k_rtx_init.c...
compiling k_memory.c...
src\k_memory.c(242): warning:  #177-D: variable "orig_blk" was declared but never referenced
compiling k_process.c...
compiling k_message.c...
compiling timer.c...
compiling consoleio.c...
compiling wall_clock.c...
compiling set_priority.c...
compiling usr_proc.c...
compiling stress_proc.c...
linking...
Program Size: Code=6822 RO-data=238 RW-data=88 ZI-data=1168  
"context_switching.axf" - 0 Error(s), 1 Warning(s).
Load "C:\\Users\\dysu\\Desktop\\SE350\\context_switching.AXF" 
No Algorithm found for: 10000000H - 10001BE7H
Partial Erase Done (areas with no algorithms skipped!)
No Algorithm found for: 10000000H - 10001BE7H
Partial Programming Done (areas with no algorithms skipped!)
Partial Verify OK (areas with no algorithms skipped!)
Rebuild target 'Context Switching SIM'
assembling startup_LPC17xx.s...
compiling system_LPC17xx.c...
compiling uart_polling.c...
compiling printf.c...
compiling main_svc.c...
compiling uart_irq.c...
compiling HAL.c...
compiling k_rtx_init.c...
compiling k_memory.c...
src\k_memory.c(242): warning:  #177-D: variable "orig_blk" was declared but never referenced
compiling k_process.c...
compiling k_message.c...
compiling timer.c...
compiling consoleio.c...
compiling wall_clock.c...
compiling set_priority.c...
compiling usr_proc.c...
compiling stress_proc.c...
linking...
Program Size: Code=6870 RO-data=238 RW-data=88 ZI-data=1168  
"context_switching.axf" - 0 Error(s), 1 Warning(s).
Load "C:\\Users\\dysu\\Desktop\\SE350\\context_switching.AXF" 
No Algorithm found for: 10000000H - 10001C17H
Partial Erase Done (areas with no algorithms skipped!)
No Algorithm found for: 10000000H - 10001C17H
Partial Programming Done (areas with no algorithms skipped!)
Partial Verify OK (areas with no algorithms skipped!)
Rebuild target 'Context Switching SIM'
assembling startup_LPC17xx.s...
compiling system_LPC17xx.c...
compiling uart_polling.c...
compiling printf.c...
compiling main_svc.c...
compiling uart_irq.c...
compiling HAL.c...
compiling k_rtx_init.c...
compiling k_memory.c...
src\k_memory.c(242): warning:  #177-D: variable "orig_blk" was declared but never referenced
compiling k_process.c...
compiling k_message.c...
compiling timer.c...
compiling consoleio.c...
compiling wall_clock.c...
compiling set_priority.c...
compiling usr_proc.c...
compiling stress_proc.c...
linking...
Program Size: Code=6750 RO-data=238 RW-data=88 ZI-data=1168  
"context_switching.axf" - 0 Error(s), 1 Warning(s).
Load "C:\\Users\\dysu\\Desktop\\SE350\\context_switching.AXF" 
No Algorithm found for: 10000000H - 10001B9FH
Partial Erase Done (areas with no algorithms skipped!)
No Algorithm found for: 10000000H - 10001B9FH
Partial Programming Done (areas with no algorithms skipped!)
Partial Verify OK (areas with no algorithms skipped!)
Rebuild target 'Context Switching SIM'
assembling startup_LPC17xx.s...
compiling system_LPC17xx.c...
compiling uart_polling.c...
compiling printf.c...
compiling main_svc.c...
compiling uart_irq.c...
compiling HAL.c...
compiling k_rtx_init.c...
compiling k_memory.c...
src\k_memory.c(242): warning:  #177-D: variable "orig_blk" was declared but never referenced
compiling k_process.c...
compiling k_message.c...
compiling timer.c...
compiling consoleio.c...
compiling wall_clock.c...
compiling set_priority.c...
compiling usr_proc.c...
compiling stress_proc.c...
linking...
Program Size: Code=6650 RO-data=238 RW-data=88 ZI-data=1168  
"context_switching.axf" - 0 Error(s), 1 Warning(s).
Load "C:\\Users\\dysu\\Desktop\\SE350\\context_switching.AXF" 
No Algorithm found for: 10000000H - 10001B3BH
Partial Erase Done (areas with no algorithms skipped!)
No Algorithm found for: 10000000H - 10001B3BH
Partial Programming Done (areas with no algorithms skipped!)
Partial Verify OK (areas with no algorithms skipped!)
Rebuild target 'Context Switching SIM'
assembling startup_LPC17xx.s...
compiling system_LPC17xx.c...
compiling uart_polling.c...
compiling printf.c...
compiling main_svc.c...
compiling uart_irq.c...
compiling HAL.c...
compiling k_rtx_init.c...
compiling k_memory.c...
src\k_memory.c(242): warning:  #177-D: variable "orig_blk" was declared but never referenced
compiling k_process.c...
compiling k_message.c...
compiling timer.c...
compiling consoleio.c...
compiling wall_clock.c...
compiling set_priority.c...
compiling usr_proc.c...
compiling stress_proc.c...
linking...
Program Size: Code=6646 RO-data=238 RW-data=88 ZI-data=1168  
"context_switching.axf" - 0 Error(s), 1 Warning(s).
Load "C:\\Users\\dysu\\Desktop\\SE350\\context_switching.AXF" 
No Algorithm found for: 10000000H - 10001B37H
Partial Erase Done (areas with no algorithms skipped!)
No Algorithm found for: 10000000H - 10001B37H
Partial Programming Done (areas with no algorithms skipped!)
Partial Verify OK (areas with no algorithms skipped!)
Rebuild target 'Context Switching SIM'
assembling startup_LPC17xx.s...
compiling system_LPC17xx.c...
compiling uart_polling.c...
compiling printf.c...
compiling main_svc.c...
compiling uart_irq.c...
compiling HAL.c...
compiling k_rtx_init.c...
compiling k_memory.c...
src\k_memory.c(242): warning:  #177-D: variable "orig_blk" was declared but never referenced
compiling k_process.c...
src\k_process.c(129): warning:  #223-D: function "exists_higher_priority_ready_process" declared implicitly
compiling k_message.c...
compiling timer.c...
compiling consoleio.c...
compiling wall_clock.c...
compiling set_priority.c...
compiling usr_proc.c...
compiling stress_proc.c...
linking...
Program Size: Code=6662 RO-data=238 RW-data=88 ZI-data=1168  
"context_switching.axf" - 0 Error(s), 2 Warning(s).
Rebuild target 'Context Switching SIM'
assembling startup_LPC17xx.s...
compiling system_LPC17xx.c...
compiling uart_polling.c...
compiling printf.c...
compiling main_svc.c...
compiling uart_irq.c...
compiling HAL.c...
compiling k_rtx_init.c...
compiling k_memory.c...
src\k_memory.c(242): warning:  #177-D: variable "orig_blk" was declared but never referenced
compiling k_process.c...
compiling k_message.c...
compiling timer.c...
compiling consoleio.c...
compiling wall_clock.c...
compiling set_priority.c...
compiling usr_proc.c...
compiling stress_proc.c...
linking...
Program Size: Code=6662 RO-data=238 RW-data=88 ZI-data=1168  
"context_switching.axf" - 0 Error(s), 1 Warning(s).
Load "C:\\Users\\dysu\\Desktop\\SE350\\context_switching.AXF" 
No Algorithm found for: 10000000H - 10001B47H
Partial Erase Done (areas with no algorithms skipped!)
No Algorithm found for: 10000000H - 10001B47H
Partial Programming Done (areas with no algorithms skipped!)
Partial Verify OK (areas with no algorithms skipped!)
Rebuild target 'Context Switching SIM'
assembling startup_LPC17xx.s...
compiling system_LPC17xx.c...
compiling uart_polling.c...
compiling printf.c...
compiling main_svc.c...
compiling uart_irq.c...
compiling HAL.c...
compiling k_rtx_init.c...
compiling k_memory.c...
src\k_memory.c(242): warning:  #177-D: variable "orig_blk" was declared but never referenced
compiling k_process.c...
compiling k_message.c...
compiling timer.c...
compiling consoleio.c...
compiling wall_clock.c...
compiling set_priority.c...
compiling usr_proc.c...
compiling stress_proc.c...
linking...
Program Size: Code=6650 RO-data=238 RW-data=88 ZI-data=1168  
"context_switching.axf" - 0 Error(s), 1 Warning(s).
Load "C:\\Users\\dysu\\Desktop\\SE350\\context_switching.AXF" 
No Algorithm found for: 10000000H - 10001B3BH
Partial Erase Done (areas with no algorithms skipped!)
No Algorithm found for: 10000000H - 10001B3BH
Partial Programming Done (areas with no algorithms skipped!)
Partial Verify OK (areas with no algorithms skipped!)
Rebuild target 'Context Switching SIM'
assembling startup_LPC17xx.s...
compiling system_LPC17xx.c...
compiling uart_polling.c...
compiling printf.c...
compiling main_svc.c...
compiling uart_irq.c...
compiling HAL.c...
compiling k_rtx_init.c...
compiling k_memory.c...
src\k_memory.c(242): warning:  #177-D: variable "orig_blk" was declared but never referenced
compiling k_process.c...
compiling k_message.c...
compiling timer.c...
compiling consoleio.c...
compiling wall_clock.c...
compiling set_priority.c...
compiling usr_proc.c...
compiling stress_proc.c...
linking...
Program Size: Code=6846 RO-data=238 RW-data=88 ZI-data=1168  
"context_switching.axf" - 0 Error(s), 1 Warning(s).
Load "C:\\Users\\dysu\\Desktop\\SE350\\context_switching.AXF" 
No Algorithm found for: 10000000H - 10001BFFH
Partial Erase Done (areas with no algorithms skipped!)
No Algorithm found for: 10000000H - 10001BFFH
Partial Programming Done (areas with no algorithms skipped!)
Partial Verify OK (areas with no algorithms skipped!)
Rebuild target 'Context Switching SIM'
assembling startup_LPC17xx.s...
compiling system_LPC17xx.c...
compiling uart_polling.c...
compiling printf.c...
compiling main_svc.c...
compiling uart_irq.c...
compiling HAL.c...
compiling k_rtx_init.c...
compiling k_memory.c...
src\k_memory.c(242): warning:  #177-D: variable "orig_blk" was declared but never referenced
compiling k_process.c...
compiling k_message.c...
compiling timer.c...
compiling consoleio.c...
compiling wall_clock.c...
compiling set_priority.c...
compiling usr_proc.c...
compiling stress_proc.c...
linking...
Program Size: Code=6842 RO-data=238 RW-data=88 ZI-data=1168  
"context_switching.axf" - 0 Error(s), 1 Warning(s).
Load "C:\\Users\\dysu\\Desktop\\SE350\\context_switching.AXF" 
No Algorithm found for: 10000000H - 10001BFBH
Partial Erase Done (areas with no algorithms skipped!)
No Algorithm found for: 10000000H - 10001BFBH
Partial Programming Done (areas with no algorithms skipped!)
Partial Verify OK (areas with no algorithms skipped!)
Rebuild target 'Context Switching SIM'
assembling startup_LPC17xx.s...
compiling system_LPC17xx.c...
compiling uart_polling.c...
compiling printf.c...
compiling main_svc.c...
compiling uart_irq.c...
compiling HAL.c...
compiling k_rtx_init.c...
compiling k_memory.c...
src\k_memory.c(242): warning:  #177-D: variable "orig_blk" was declared but never referenced
compiling k_process.c...
compiling k_message.c...
compiling timer.c...
compiling consoleio.c...
compiling wall_clock.c...
compiling set_priority.c...
compiling usr_proc.c...
compiling stress_proc.c...
linking...
Program Size: Code=6842 RO-data=238 RW-data=88 ZI-data=1168  
"context_switching.axf" - 0 Error(s), 1 Warning(s).
Load "C:\\Users\\dysu\\Desktop\\SE350\\context_switching.AXF" 
No Algorithm found for: 10000000H - 10001BFBH
Partial Erase Done (areas with no algorithms skipped!)
No Algorithm found for: 10000000H - 10001BFBH
Partial Programming Done (areas with no algorithms skipped!)
Partial Verify OK (areas with no algorithms skipped!)
Rebuild target 'Context Switching SIM'
assembling startup_LPC17xx.s...
compiling system_LPC17xx.c...
compiling uart_polling.c...
compiling printf.c...
compiling main_svc.c...
compiling uart_irq.c...
compiling HAL.c...
compiling k_rtx_init.c...
compiling k_memory.c...
src\k_memory.c(242): warning:  #177-D: variable "orig_blk" was declared but never referenced
compiling k_process.c...
compiling k_message.c...
compiling timer.c...
compiling consoleio.c...
compiling wall_clock.c...
compiling set_priority.c...
compiling usr_proc.c...
compiling stress_proc.c...
linking...
Program Size: Code=6842 RO-data=238 RW-data=88 ZI-data=1168  
"context_switching.axf" - 0 Error(s), 1 Warning(s).
Load "C:\\Users\\dysu\\Desktop\\SE350\\context_switching.AXF" 
No Algorithm found for: 10000000H - 10001BFBH
Partial Erase Done (areas with no algorithms skipped!)
No Algorithm found for: 10000000H - 10001BFBH
Partial Programming Done (areas with no algorithms skipped!)
Partial Verify OK (areas with no algorithms skipped!)
Rebuild target 'Context Switching SIM'
assembling startup_LPC17xx.s...
compiling system_LPC17xx.c...
compiling uart_polling.c...
compiling printf.c...
compiling main_svc.c...
compiling uart_irq.c...
compiling HAL.c...
compiling k_rtx_init.c...
compiling k_memory.c...
src\k_memory.c(242): warning:  #177-D: variable "orig_blk" was declared but never referenced
compiling k_process.c...
compiling k_message.c...
compiling timer.c...
compiling consoleio.c...
compiling wall_clock.c...
compiling set_priority.c...
compiling usr_proc.c...
compiling stress_proc.c...
linking...
Program Size: Code=6842 RO-data=238 RW-data=88 ZI-data=1168  
"context_switching.axf" - 0 Error(s), 1 Warning(s).
Load "C:\\Users\\dysu\\Desktop\\SE350\\context_switching.AXF" 
No Algorithm found for: 10000000H - 10001BFBH
Partial Erase Done (areas with no algorithms skipped!)
No Algorithm found for: 10000000H - 10001BFBH
Partial Programming Done (areas with no algorithms skipped!)
Partial Verify OK (areas with no algorithms skipped!)
Rebuild target 'Context Switching SIM'
assembling startup_LPC17xx.s...
compiling system_LPC17xx.c...
compiling uart_polling.c...
compiling printf.c...
compiling main_svc.c...
compiling uart_irq.c...
compiling HAL.c...
compiling k_rtx_init.c...
compiling k_memory.c...
src\k_memory.c(242): warning:  #177-D: variable "orig_blk" was declared but never referenced
compiling k_process.c...
compiling k_message.c...
compiling timer.c...
compiling consoleio.c...
compiling wall_clock.c...
compiling set_priority.c...
compiling usr_proc.c...
compiling stress_proc.c...
linking...
Program Size: Code=6846 RO-data=238 RW-data=88 ZI-data=1168  
"context_switching.axf" - 0 Error(s), 1 Warning(s).
Rebuild target 'Context Switching SIM'
assembling startup_LPC17xx.s...
compiling system_LPC17xx.c...
compiling uart_polling.c...
compiling printf.c...
compiling main_svc.c...
compiling uart_irq.c...
compiling HAL.c...
compiling k_rtx_init.c...
compiling k_memory.c...
src\k_memory.c(242): warning:  #177-D: variable "orig_blk" was declared but never referenced
compiling k_process.c...
compiling k_message.c...
compiling timer.c...
compiling consoleio.c...
compiling wall_clock.c...
compiling set_priority.c...
compiling usr_proc.c...
compiling stress_proc.c...
linking...
Program Size: Code=6842 RO-data=238 RW-data=88 ZI-data=1168  
"context_switching.axf" - 0 Error(s), 1 Warning(s).
Load "C:\\Users\\dysu\\Desktop\\SE350\\context_switching.AXF" 
No Algorithm found for: 10000000H - 10001BFBH
Partial Erase Done (areas with no algorithms skipped!)
No Algorithm found for: 10000000H - 10001BFBH
Partial Programming Done (areas with no algorithms skipped!)
Partial Verify OK (areas with no algorithms skipped!)
Rebuild target 'Context Switching SIM'
assembling startup_LPC17xx.s...
compiling system_LPC17xx.c...
compiling uart_polling.c...
compiling printf.c...
compiling main_svc.c...
compiling uart_irq.c...
compiling HAL.c...
compiling k_rtx_init.c...
compiling k_memory.c...
src\k_memory.c(242): warning:  #177-D: variable "orig_blk" was declared but never referenced
compiling k_process.c...
compiling k_message.c...
compiling timer.c...
compiling consoleio.c...
compiling wall_clock.c...
compiling set_priority.c...
compiling usr_proc.c...
compiling stress_proc.c...
linking...
Program Size: Code=6842 RO-data=238 RW-data=88 ZI-data=1168  
"context_switching.axf" - 0 Error(s), 1 Warning(s).
Load "C:\\Users\\dysu\\Desktop\\SE350\\context_switching.AXF" 
No Algorithm found for: 10000000H - 10001BFBH
Partial Erase Done (areas with no algorithms skipped!)
No Algorithm found for: 10000000H - 10001BFBH
Partial Programming Done (areas with no algorithms skipped!)
Partial Verify OK (areas with no algorithms skipped!)
Rebuild target 'Context Switching SIM'
assembling startup_LPC17xx.s...
compiling system_LPC17xx.c...
compiling uart_polling.c...
compiling printf.c...
compiling main_svc.c...
compiling uart_irq.c...
compiling HAL.c...
compiling k_rtx_init.c...
compiling k_memory.c...
src\k_memory.c(242): warning:  #177-D: variable "orig_blk" was declared but never referenced
compiling k_process.c...
compiling k_message.c...
compiling timer.c...
compiling consoleio.c...
compiling wall_clock.c...
compiling set_priority.c...
compiling usr_proc.c...
compiling stress_proc.c...
linking...
Program Size: Code=6834 RO-data=238 RW-data=88 ZI-data=1168  
"context_switching.axf" - 0 Error(s), 1 Warning(s).
Load "C:\\Users\\dysu\\Desktop\\SE350\\context_switching.AXF" 
No Algorithm found for: 10000000H - 10001BF3H
Partial Erase Done (areas with no algorithms skipped!)
No Algorithm found for: 10000000H - 10001BF3H
Partial Programming Done (areas with no algorithms skipped!)
Partial Verify OK (areas with no algorithms skipped!)
Rebuild target 'Context Switching SIM'
assembling startup_LPC17xx.s...
compiling system_LPC17xx.c...
compiling uart_polling.c...
compiling printf.c...
compiling main_svc.c...
compiling uart_irq.c...
compiling HAL.c...
compiling k_rtx_init.c...
compiling k_memory.c...
src\k_memory.c(242): warning:  #177-D: variable "orig_blk" was declared but never referenced
compiling k_process.c...
compiling k_message.c...
compiling timer.c...
compiling consoleio.c...
compiling wall_clock.c...
compiling set_priority.c...
compiling usr_proc.c...
compiling stress_proc.c...
linking...
Program Size: Code=6834 RO-data=238 RW-data=88 ZI-data=1168  
"context_switching.axf" - 0 Error(s), 1 Warning(s).
Load "C:\\Users\\dysu\\Desktop\\SE350\\context_switching.AXF" 
No Algorithm found for: 10000000H - 10001BF3H
Partial Erase Done (areas with no algorithms skipped!)
No Algorithm found for: 10000000H - 10001BF3H
Partial Programming Done (areas with no algorithms skipped!)
Partial Verify OK (areas with no algorithms skipped!)
Rebuild target 'Context Switching SIM'
assembling startup_LPC17xx.s...
compiling system_LPC17xx.c...
compiling uart_polling.c...
compiling printf.c...
compiling main_svc.c...
compiling uart_irq.c...
compiling HAL.c...
compiling k_rtx_init.c...
compiling k_memory.c...
src\k_memory.c(242): warning:  #177-D: variable "orig_blk" was declared but never referenced
compiling k_process.c...
compiling k_message.c...
compiling timer.c...
compiling consoleio.c...
compiling wall_clock.c...
compiling set_priority.c...
compiling usr_proc.c...
compiling stress_proc.c...
linking...
Program Size: Code=6846 RO-data=238 RW-data=88 ZI-data=1168  
"context_switching.axf" - 0 Error(s), 1 Warning(s).
Load "C:\\Users\\dysu\\Desktop\\SE350\\context_switching.AXF" 
No Algorithm found for: 10000000H - 10001BFFH
Partial Erase Done (areas with no algorithms skipped!)
No Algorithm found for: 10000000H - 10001BFFH
Partial Programming Done (areas with no algorithms skipped!)
Partial Verify OK (areas with no algorithms skipped!)
Rebuild target 'Context Switching SIM'
assembling startup_LPC17xx.s...
compiling system_LPC17xx.c...
compiling uart_polling.c...
compiling printf.c...
compiling main_svc.c...
compiling uart_irq.c...
compiling HAL.c...
compiling k_rtx_init.c...
compiling k_memory.c...
src\k_memory.c(242): warning:  #177-D: variable "orig_blk" was declared but never referenced
compiling k_process.c...
compiling k_message.c...
compiling timer.c...
compiling consoleio.c...
compiling wall_clock.c...
compiling set_priority.c...
compiling usr_proc.c...
compiling stress_proc.c...
linking...
Program Size: Code=6846 RO-data=238 RW-data=88 ZI-data=1168  
"context_switching.axf" - 0 Error(s), 1 Warning(s).
Load "C:\\Users\\dysu\\Desktop\\SE350\\context_switching.AXF" 
No Algorithm found for: 10000000H - 10001BFFH
Partial Erase Done (areas with no algorithms skipped!)
No Algorithm found for: 10000000H - 10001BFFH
Partial Programming Done (areas with no algorithms skipped!)
Partial Verify OK (areas with no algorithms skipped!)
Rebuild target 'Context Switching SIM'
assembling startup_LPC17xx.s...
compiling system_LPC17xx.c...
compiling uart_polling.c...
compiling printf.c...
compiling main_svc.c...
compiling uart_irq.c...
compiling HAL.c...
compiling k_rtx_init.c...
compiling k_memory.c...
src\k_memory.c(242): warning:  #177-D: variable "orig_blk" was declared but never referenced
compiling k_process.c...
compiling k_message.c...
compiling timer.c...
compiling consoleio.c...
compiling wall_clock.c...
compiling set_priority.c...
compiling usr_proc.c...
src\usr_proc.c(318): error:  #247: function "set_test_procs" has already been defined
src\usr_proc.c(457): warning:  #128-D: loop is not reachable
src\usr_proc.c(493): warning:  #128-D: loop is not reachable
src\usr_proc.c(568): warning:  #128-D: loop is not reachable
compiling stress_proc.c...
Target not created
Rebuild target 'Context Switching SIM'
assembling startup_LPC17xx.s...
compiling system_LPC17xx.c...
compiling uart_polling.c...
compiling printf.c...
compiling main_svc.c...
compiling uart_irq.c...
compiling HAL.c...
compiling k_rtx_init.c...
compiling k_memory.c...
src\k_memory.c(242): warning:  #177-D: variable "orig_blk" was declared but never referenced
compiling k_process.c...
compiling k_message.c...
compiling timer.c...
compiling consoleio.c...
compiling wall_clock.c...
compiling set_priority.c...
compiling usr_proc.c...
src\usr_proc.c(400): error:  #20: identifier "ready" is undefined
src\usr_proc.c(422): error:  #20: identifier "ready" is undefined
src\usr_proc.c(457): error:  #20: identifier "ready" is undefined
src\usr_proc.c(457): warning:  #128-D: loop is not reachable
src\usr_proc.c(493): error:  #20: identifier "ready" is undefined
src\usr_proc.c(493): warning:  #128-D: loop is not reachable
src\usr_proc.c(568): error:  #20: identifier "ready" is undefined
src\usr_proc.c(568): warning:  #128-D: loop is not reachable
compiling stress_proc.c...
Target not created
Rebuild target 'Context Switching SIM'
assembling startup_LPC17xx.s...
compiling system_LPC17xx.c...
compiling uart_polling.c...
compiling printf.c...
compiling main_svc.c...
compiling uart_irq.c...
compiling HAL.c...
compiling k_rtx_init.c...
compiling k_memory.c...
src\k_memory.c(242): warning:  #177-D: variable "orig_blk" was declared but never referenced
compiling k_process.c...
compiling k_message.c...
compiling timer.c...
compiling consoleio.c...
compiling wall_clock.c...
compiling set_priority.c...
compiling usr_proc.c...
src\usr_proc.c(457): warning:  #128-D: loop is not reachable
src\usr_proc.c(493): warning:  #128-D: loop is not reachable
src\usr_proc.c(568): warning:  #128-D: loop is not reachable
compiling stress_proc.c...
linking...
Program Size: Code=7410 RO-data=238 RW-data=88 ZI-data=1168  
"context_switching.axf" - 0 Error(s), 4 Warning(s).
Rebuild target 'Context Switching SIM'
assembling startup_LPC17xx.s...
compiling system_LPC17xx.c...
compiling uart_polling.c...
compiling printf.c...
compiling main_svc.c...
compiling uart_irq.c...
compiling HAL.c...
compiling k_rtx_init.c...
compiling k_memory.c...
src\k_memory.c(242): warning:  #177-D: variable "orig_blk" was declared but never referenced
compiling k_process.c...
compiling k_message.c...
compiling timer.c...
compiling consoleio.c...
compiling wall_clock.c...
compiling set_priority.c...
compiling usr_proc.c...
compiling stress_proc.c...
linking...
Program Size: Code=8110 RO-data=238 RW-data=88 ZI-data=1168  
"context_switching.axf" - 0 Error(s), 1 Warning(s).
Load "C:\\Users\\dysu\\Desktop\\SE350\\context_switching.AXF" 
No Algorithm found for: 10000000H - 100020EFH
Partial Erase Done (areas with no algorithms skipped!)
No Algorithm found for: 10000000H - 100020EFH
Partial Programming Done (areas with no algorithms skipped!)
Partial Verify OK (areas with no algorithms skipped!)
Rebuild target 'Context Switching SIM'
assembling startup_LPC17xx.s...
compiling system_LPC17xx.c...
compiling uart_polling.c...
compiling printf.c...
compiling main_svc.c...
compiling uart_irq.c...
compiling HAL.c...
compiling k_rtx_init.c...
compiling k_memory.c...
src\k_memory.c(242): warning:  #177-D: variable "orig_blk" was declared but never referenced
compiling k_process.c...
compiling k_message.c...
compiling timer.c...
compiling consoleio.c...
compiling wall_clock.c...
compiling set_priority.c...
compiling usr_proc.c...
compiling stress_proc.c...
linking...
Program Size: Code=8098 RO-data=238 RW-data=88 ZI-data=1168  
"context_switching.axf" - 0 Error(s), 1 Warning(s).
Load "C:\\Users\\dysu\\Desktop\\SE350\\context_switching.AXF" 
No Algorithm found for: 10000000H - 100020E3H
Partial Erase Done (areas with no algorithms skipped!)
No Algorithm found for: 10000000H - 100020E3H
Partial Programming Done (areas with no algorithms skipped!)
Partial Verify OK (areas with no algorithms skipped!)
Rebuild target 'Context Switching SIM'
assembling startup_LPC17xx.s...
compiling system_LPC17xx.c...
compiling uart_polling.c...
compiling printf.c...
compiling main_svc.c...
compiling uart_irq.c...
compiling HAL.c...
compiling k_rtx_init.c...
compiling k_memory.c...
src\k_memory.c(242): warning:  #177-D: variable "orig_blk" was declared but never referenced
compiling k_process.c...
compiling k_message.c...
compiling timer.c...
compiling consoleio.c...
compiling wall_clock.c...
compiling set_priority.c...
compiling usr_proc.c...
compiling stress_proc.c...
linking...
Program Size: Code=8090 RO-data=238 RW-data=88 ZI-data=1168  
"context_switching.axf" - 0 Error(s), 1 Warning(s).
Load "C:\\Users\\dysu\\Desktop\\SE350\\context_switching.AXF" 
No Algorithm found for: 10000000H - 100020DBH
Partial Erase Done (areas with no algorithms skipped!)
No Algorithm found for: 10000000H - 100020DBH
Partial Programming Done (areas with no algorithms skipped!)
Partial Verify OK (areas with no algorithms skipped!)
